------------------------------------------------------------
Timing Analyzer Summary
------------------------------------------------------------

Type  : Slow 1200mV 85C Model Setup 'KEY[1]'
Slack : 9.669
TNS   : 0.000

Type  : Slow 1200mV 85C Model Setup 'KEY[0]'
Slack : 17.684
TNS   : 0.000

Type  : Slow 1200mV 85C Model Hold 'KEY[0]'
Slack : 0.393
TNS   : 0.000

Type  : Slow 1200mV 85C Model Hold 'KEY[1]'
Slack : 0.587
TNS   : 0.000

Type  : Slow 1200mV 85C Model Minimum Pulse Width 'KEY[0]'
Slack : 9.690
TNS   : 0.000

Type  : Slow 1200mV 85C Model Minimum Pulse Width 'KEY[1]'
Slack : 9.719
TNS   : 0.000

Type  : Slow 1200mV 0C Model Setup 'KEY[1]'
Slack : 10.384
TNS   : 0.000

Type  : Slow 1200mV 0C Model Setup 'KEY[0]'
Slack : 17.794
TNS   : 0.000

Type  : Slow 1200mV 0C Model Hold 'KEY[0]'
Slack : 0.355
TNS   : 0.000

Type  : Slow 1200mV 0C Model Hold 'KEY[1]'
Slack : 0.534
TNS   : 0.000

Type  : Slow 1200mV 0C Model Minimum Pulse Width 'KEY[0]'
Slack : 9.630
TNS   : 0.000

Type  : Slow 1200mV 0C Model Minimum Pulse Width 'KEY[1]'
Slack : 9.715
TNS   : 0.000

Type  : Fast 1200mV 0C Model Setup 'KEY[1]'
Slack : 15.390
TNS   : 0.000

Type  : Fast 1200mV 0C Model Setup 'KEY[0]'
Slack : 18.878
TNS   : 0.000

Type  : Fast 1200mV 0C Model Hold 'KEY[0]'
Slack : 0.170
TNS   : 0.000

Type  : Fast 1200mV 0C Model Hold 'KEY[1]'
Slack : 0.229
TNS   : 0.000

Type  : Fast 1200mV 0C Model Minimum Pulse Width 'KEY[0]'
Slack : 9.374
TNS   : 0.000

Type  : Fast 1200mV 0C Model Minimum Pulse Width 'KEY[1]'
Slack : 9.406
TNS   : 0.000

------------------------------------------------------------
